---
source: src/eval/test.rs
description: "@"
expression: "format!(\"{:#?}\\n\\n========================\\n\\n{:#?}\", env, diags)"
---
Environment {
    store: [],
    parent_id: None,
    children: [],
    id: 0,
}

========================

[
    Error(UnexpectedToken("@"), (0,0)->(0,1)),
]
