---
source: src/eval/test.rs
description: "let x = {1: \"foo, \"a\": 2};"
expression: "format!(\"{:#?}\\n\\n========================\\n\\n{:#?}\", env, diags)"
---
Environment {
    store: [],
    refs: [],
    parent_id: None,
    children: [],
    id: 0,
}

========================

[
    Error(ExpectedTokenNotFound("}"), (0,20)->(0,26)),
]
