---
source: src/eval/test.rs
description: "let x = !\"foo\";"
expression: "format!(\"{:#?}\\n\\n========================\\n\\n{:#?}\", env, diags)"
---
Environment {
    store: [
        (
            "x",
            Value(Bool, (0,4)->(0,5), (0,0)->(0,15)),
        ),
    ],
    refs: [
        Pos("x", "(0,4)->(0,5)"),
    ],
    scope_range: "(0,0)->(0,15)",
    parent_range: None,
    children: [],
}

========================

[]
