---
source: src/eval/test.rs
description: let x = last(1);
expression: "format!(\"{:#?}\\n\\n========================\\n\\n{:#?}\", env, diags)"
---
Environment {
    store: [
        (
            "x",
            Spanned(Int, (0,4)->(0,5)),
        ),
    ],
    refs: [
        Spanned("last", "(0,8)->(0,12)"),
        Spanned("x", "(0,4)->(0,5)"),
    ],
    parent_id: None,
    children: [],
    id: 0,
}

========================

[
    Error(GenericTypeError("unable to get the first of 'int'"), (0,12)->(0,13)),
]
