---
source: src/parser/test.rs
description: "fn(x y z) {}"
expression: "parser_errors(\"fn(x y z) {}\", errors)"
---
fn(x y z) {}
     ^ SyntaxError: Expected ',' not found.
