---
source: src/parser/test.rs
description: "fn(x y z) {}"
expression: result
---
[
    Function {
        token: Token(Function, "fn", (0,0)->(0,2)),
        params: Ok(
            [
                Ok(
                    Identifier {
                        token: Token(Identifier, "x", (0,3)->(0,4)),
                        name: "x",
                    },
                ),
                Err(
                    Err(ExpectedTokenNotFound("SyntaxError: Expected ',' not found."), (0,5)->(0,6)),
                ),
            ],
        ),
        body: Ok(
            Block {
                token: Token(LBrace, "{", (0,10)->(0,11)),
                statements: [],
                range: Range {
                    start: Position {
                        line: 0,
                        character: 10,
                    },
                    end: Position {
                        line: 0,
                        character: 11,
                    },
                },
            },
        ),
        range: Range {
            start: Position {
                line: 0,
                character: 0,
            },
            end: Position {
                line: 0,
                character: 12,
            },
        },
    },
]

===================================

fn(x y z) {}
     ^ [Error] SyntaxError: Expected ',' not found.
