---
source: src/parser/test.rs
description: "@ + 1"
expression: result
---
[
    Err(UnexpectedToken("SyntaxError: Unexpected '@'."), (0,0)->(0,1)),
    Err(UnexpectedToken("SyntaxError: Unexpected '+'."), (0,2)->(0,3)),
]

===================================

@ + 1
^ [Error] SyntaxError: Unexpected '@'.
  ^ [Error] SyntaxError: Unexpected '+'.
