---
source: src/parser/test.rs
description: "{1:2 2:3}"
expression: "parser_errors(\"{1:2 2:3}\", errors)"
---
{1:2 2:3}
     ^ SyntaxError: Expected ',' not found.
