---
source: src/parser/test.rs
description: if (x
expression: "parser_errors(\"if (x\", errors)"
---
if (x
    ^ SyntaxError: Expected ')' not found.
    ^ SyntaxError: Expected '{' not found.
