---
source: src/parser/test.rs
description: 3 > 5 == false
expression: "parser_errors(\"3 > 5 == false\", errors)"
---
3 > 5 == false
