---
source: src/parser/test.rs
description: "a * [1, 2, 3, 4][b * c] * d"
expression: "parser_errors(\"a * [1, 2, 3, 4][b * c] * d\", errors)"
---
a * [1, 2, 3, 4][b * c] * d
