---
source: src/parser/test.rs
description: "!-a"
expression: "parser_errors(\"!-a\", errors)"
---
!-a
