---
source: src/parser.rs
description: "{A}"
expression: stmts
---
[
    Hash {
        token: Token(LBrace, "{", (0,0)->(0,1)),
        kv_pairs: Ok(
            [
                Err(
                    Err(UnexpectedToken("SyntaxError: Unexpected '}'."), (0,1)->(0,2)),
                ),
            ],
        ),
    },
]
