---
source: src/parser.rs
description: "foo[1"
expression: stmts
---
[
    Err(UnexpectedEof("SyntaxError: Unexpected eof."), (0,4)->(0,5)),
]
