---
source: src/parser.rs
description: "\"hello world\""
expression: stmts
---
[
    StringLiteral { token: Token(Str, "\"hello world\"", (0,0)->(0,13)), value: "\"hello world\"" },
]
