---
source: src/parser.rs
description: "foo[1]"
expression: stmts
---
[
    Index {
        token: Token(LBracket, "[", (0,3)->(0,4)),
        object: Identifier {
            token: Token(Identifier, "foo", (0,0)->(0,3)),
            name: "foo",
        },
        index: Ok(
            Int {
                token: Token(Int, "1", (0,4)->(0,5)),
                value: 1,
            },
        ),
    },
]
