---
source: src/lexer.rs
description: "\"hello world\";"
expression: debug_print(tokens)
---
[
    Token(Str, "\"hello world\"", (0,0)->(0,13)),
    Token(Semicolon, ";", (0,13)->(0,14)),
]
